237857247
370775395
0
34936934
0
194935142
457364459
594147177
