25
30
12
32
2
24
38
10
14
40
8
28
24
32
4
2
28
28
12
40
