151
591
4
284
339
517
35
581
254
58
-1
178
519
-1
-1
-1
219
-1
-1
214
