15
11
13
13
15
12
15
15
16
15
13
12
10
9
13
15
15
11
12
9
15
15
11
9
15
17
